../Drivers/CMSIS/Include/core_cm4.h:1777:22:__NVIC_ClearPendingIRQ	16	static
../Core/Src/main.c:107:5:main	272	static
../Core/Src/main.c:240:6:SystemClock_Config	96	static
../Core/Src/main.c:287:13:MX_TIM1_Init	40	static
../Core/Src/main.c:334:13:MX_USART2_UART_Init	8	static
../Core/Src/main.c:369:13:MX_GPIO_Init	40	static
../Core/Src/main.c:401:6:HAL_GPIO_EXTI_Callback	16	static
../Core/Src/main.c:411:6:HAL_TIM_PeriodElapsedCallback	16	static
../Core/Src/main.c:437:6:HAL_UART_RxCpltCallback	16	static
../Core/Src/main.c:455:6:ring_init	24	static
../Core/Src/main.c:462:6:ring_clear	16	static
../Core/Src/main.c:470:6:ring_putchar	16	static
../Core/Src/main.c:476:9:ring_getchar	24	static
../Core/Src/main.c:483:9:ring_get_message	24	static
../Core/Src/main.c:517:6:Error_Handler	4	static,ignoring_inline_asm
